✔ OGB-SURF-1 review authorize reports an inert Story override on its own surface (968.932417ms)
✔ OGB-SURF-2 review authorize reports an authorized override once a grant exists (798.05475ms)
✔ OGB-SURF-3 a dispatch stop names the inert override instead of only the base limit (646.012417ms)
✔ OGB-SURF-4 pr prepare efficiency summary carries the override status and debt (0.647417ms)
✔ OGB-SURF-5 the pr prepare delivery context is fed the resolver override status (519.900459ms)
✔ OGB-SURF-7 the written pr-prepare artifact reports a configured inert override (2360.471209ms)
✔ OGB-SURF-6 the authorize text output states the override status in every branch (0.962709ms)
✔ OGB-SURF-8 a pinned override still yields its raised policy on the pr prepare surface (439.523791ms)
✔ OGB-SURF-9 parse_failure: an unreadable records file falls back to the base budget on the production path (519.161417ms)
✔ C-001: CHANGELOG describes the ungranted-override fallback without a direction guarantee (5.300584ms)
✔ C-002: the resolveEfficiencyPolicyDecision comment does not claim the fallback is the tighter budget (0.245584ms)
✔ C-003: the owner-gated-budget-override design root owns its six governed src surfaces (3.788333ms)
✔ C-003: the design root has a required architecture child so reconciliation can detect drift (3.449958ms)
✔ DRES-SCENARIO-001 accepted decision gains a 1-hop verification_evidence_summary from verification-evidence.json (684.115334ms)
✔ DRES-SCENARIO-002 non-accepted decision has no verification_evidence_summary (363.017542ms)
✔ DRES-SCENARIO-003 accepted decision with no verification-evidence.json yet degrades to an empty summary (71.232875ms)
✔ DRES-SCENARIO-004 CLI end-to-end: vibepro decision record exposes verification_evidence_summary via --json (1410.3635ms)
✔ DRES-SCENARIO-005 recording a decision refreshes the single active Run Context Capsule (476.398ms)
✔ OGB-S-10 budget approval computes the override digest from config, not from caller input (107.586708ms)
✔ OGB-S-11 budget approval refuses a self-grant and an unidentified recorder (2.407667ms)
✔ OGB-S-12 budget approval requires a configured override and a matching story id (2.24075ms)
✔ BGT-S-1/S-2 a budget grant writes a tracked decision document cross-referenced from budget_approval (108.339917ms)
✔ BGT-S-3 a budget grant fails when the tracked document path is gitignored (154.5985ms)
✔ BGT-S-4 a decision without a budget grant writes no tracked document (55.183209ms)
✔ BGT-S-5 same digest overwrites the same document; a changed budget produces a new file (324.06325ms)
✔ BGT-S-5 a same-digest re-record on a later date reuses the existing document instead of minting a second one (251.841584ms)
✔ BGT-S-3 an undeterminable gitignore status fails the grant instead of falling back to the untracked channel (421.285333ms)
✔ story budget override without an accepted approval stays inert (12.996042ms)
✔ story budget override applies only with a digest-bound human grant (1.863084ms)
✔ editing an approved override invalidates the grant by digest (0.299208ms)
✔ override digest ignores amendment_reason prose but is scoped to the story (2.979833ms)
✔ self-granted and non-human approvals never authorize an override (2.70925ms)
✔ buildBudgetApproval rejects a grantor equal to the recording agent (0.411416ms)
✔ grandfathered overrides are pinned by story-scoped content digest (17.821792ms)
✔ every configured story override resolves to a known authority status (153.691209ms)
✔ unauthorized override surfaces as efficiency debt (1.407208ms)
✔ policy keeps unspecified and unmeasured budgets unknown instead of zero (2.246959ms)
✔ budget exceed and required attribution unknown are typed stops (1.511208ms)
✔ final review waits for an exact frozen surface while preflight remains available (0.4ms)
✔ risk-adaptive review coverage suppresses irrelevant roles and validation-sequence duplicates (0.426041ms)
✔ same binding dispatch is idempotent for running, uncollected, and completed pass lifecycles (0.195667ms)
✔ HEAD mutation terminalizes obsolete work and fails closed when cancellation is unconfirmed (0.139292ms)
✔ compatible repairable findings batch by role and surface while human/conflicting findings remain separate (0.425833ms)
✔ metrics separate review union wall clock from parallel agent consumption and preserve unknown (0.447333ms)
✔ active wait remains independently budgeted and unknown is never converted to zero (0.209792ms)
✔ metrics preserve unknown review timing while any dispatched review is still open (0.046708ms)
✔ efficiency debt stays separate from correctness readiness (0.052458ms)
✔ pr gate summary exposes review lifecycle debt without changing correctness readiness (0.16425ms)
ℹ tests 48
ℹ suites 0
ℹ pass 48
ℹ fail 0
ℹ cancelled 0
ℹ skipped 0
ℹ todo 0
ℹ duration_ms 6538.467542
