✔ Brainbase judgment・routing receipt・retrieval referencesをlocal contextへ束縛する (462.0405ms)
✔ v1 context-only StoryのPR準備は未連携として扱い、v2復旧を案内しない (1318.35825ms)
✔ 署名済みmanaged v1の完全publishを通したStoryのPR準備は未連携として扱い、v2復旧を案内しない (1293.342708ms)
✔ 署名済みmanaged v2成果ケース契約をcontextと既存Storyメタデータへ投影する (482.950792ms)
✔ managed v2はOutcomeCase必須7項目・空値・受入ID重複をbind前に拒否し、StoryやPRへ投影しない (24676.418708ms)
✔ managed v2 Story addも不完全OutcomeCaseを原子的に拒否し、Storyやbind成果物を残さない (2058.46675ms)
✔ CLI integration bindは不正なmanaged v2を理由付きで拒否し、公開状態を原子的に維持する (1397.103125ms)
✔ CLI Story addは不正なmanaged v2を理由付きで拒否し、Story・公開状態・PR投影を残さない (1439.335709ms)
✔ 非managed v2は成果ケース値の前にfail closedする (303.89ms)
✔ managed v2はStory未作成時にcontextを書かず、v2からv1への再bindも拒否する (629.8755ms)
✔ signed managed v2の成果ケース参照はcaseとissuerに一致しなければならない (1484.426875ms)
✔ trusted v2 bindはContext・Story・PR準備へ同じ7項目を投影し、技術完了を推測しない (1372.551458ms)
✔ PR準備は共謀して書換えたContext・receipt・Story・commit markerを署名なしでは投影しない (1261.787042ms)
✔ PR準備は未連携・partial成果ケース・期限切れ署名を区別して安全な復旧判断を表示する (3583.600625ms)
✔ managed v2 publish is journal-recoverable and never projects a partial transaction as trusted (8831.56825ms)
✔ managed v2 process recovery can fail closed and resume idempotently (3217.694208ms)
✔ managed handoff sourceは外部・traversal・encoded・symlinkを一切のbinding write前に拒否する (585.581917ms)
✔ tampered consumption ledger source_artifactは読戻しでtrustedへ昇格しない (19372.839834ms)
✔ PR準備はcanonical source receipt欠損をuntrustedとして投影せずtrust sourceを変更しない (3074.414292ms)
✔ PR準備はcanonical source receipt改ざんをuntrustedとして投影せずtrust sourceを変更しない (2693.579625ms)
✔ PR準備はcanonical source receipt署名改ざんをuntrustedとして投影せずtrust sourceを変更しない (2285.54975ms)
✔ tampered recovery journal ledger is rejected before replay mutates any publication document (9953.267333ms)
✔ routingだけ・personal knowledge・未要求entryを受け入れない (333.952667ms)
✔ current git stateに一致するcomputed passing evidenceから非昇格Knowledge Eventを生成する (1796.069125ms)
✔ self-reported・stale・context以前のpassing evidenceからeventを作らない (1416.287958ms)
✔ managed inboxを自動検出し、Story add前にreceipt bindを完了する (667.954625ms)
✔ 公開importは不完全Story宣言を渡せず、標準CLI Story addだけが署名済みmanaged v2を原子的に宣言・検証・投影する (2131.677583ms)
✔ managed v2 Story addはtraceability失敗後に同一の完全宣言だけを冪等に再開する (1274.458833ms)
✔ Story add traceability再開は宣言不一致・未信頼v2・v1を拒否する (2533.44225ms)
✔ 対象Storyのcanonical Specはmanaged v2 traceability再開契約と改訂メタデータを直接保持する (5.358875ms)
✔ 未結合receiptの複数候補と消費済みreceiptの別Story再利用をfail closedする (1151.5915ms)
✔ managed設定でhandoff inboxがない場合はStory addをfail closedする (340.694166ms)
✔ managed handoffのproject_code不一致はStory select前にfail closedする (381.617542ms)
✔ managed handoffのbase_shaがcurrent HEADと一致しない場合はStory addをfail closedする (549.29225ms)
✔ managed handoffの期限切れ・不正HMAC・自己申告trustedはStory addをfail closedする (1833.755708ms)
ℹ managed receipt validation rejects expiry, forged HMAC, and self-reported trust
✔ computed passing verificationはcurrent HEADでLearning Candidateを一度だけoutboxへ積む (1018.613833ms)
✔ Learning Candidate送信失敗はverify成功を止めずpending+retryにし、reconcileで送信する (963.474416ms)
✔ status/doctor/reconcile CLIはmanaged inboxと旧bind/event入口を互換表示する (1456.242375ms)
✔ status・doctor・Story reportは成果ケース信頼性を未評価と明示し、PR準備へ誘導する (1984.11325ms)
ℹ tests 39
ℹ suites 0
ℹ pass 39
ℹ fail 0
ℹ cancelled 0
ℹ skipped 0
ℹ todo 0
ℹ duration_ms 112470.275792
