✔ content binding fails closed on unreadable inspection inputs without exposing the repository root (755.182333ms)
✔ CEF-S-1/2/5 verification evidence stays current for docs-only commits and stales on bound surface changes (7531.316459ms)
✔ CEF-S-2/5 deleted bound files stale evidence with an operator-visible missing-file reason (3250.669458ms)
✔ agent review minimal recovery emits an executable inspection-aware pass command (6156.03975ms)
✔ CEF-S-3 review evidence uses inspected input content binding across docs-only commits (7401.298125ms)
✔ gate evidence and release risk reviews survive unrelated main advance and rebase when surfaces are unchanged (6992.994459ms)
✔ merge reuse invalidates only the role whose projection lineage or release impact surface changed (4551.979542ms)
✔ role policy can explicitly retain content surface freshness for gate evidence (3093.032042ms)
✔ global content-surface default applies to gate evidence without a built-in strict exception (2601.476625ms)
✔ review strict HEAD CLI override requires and records an explicit reason (8222.016375ms)
✔ custom strict HEAD role policy requires and persists its rationale (2251.498959ms)
✔ global strict HEAD default is rejected so ordinary roles remain content-scoped (806.915ms)
✔ content-scoped pass rejects generated workspace artifacts as the only inspection input (1375.145917ms)
✔ CEF-S-4 strict HEAD binding still invalidates docs-only commits (4190.978625ms)
✔ mutating CLI commands auto-snapshot durable records into the store (1097.405833ms)
✔ auto-snapshot is fail-soft: an unwritable store never fails the producing command (361.073917ms)
✔ durability.enabled=false disables the auto-snapshot hook (344.294167ms)
✔ SAO-S-1 dry-run returns a closed plan without invoking a runner (10.33675ms)
✔ SAO-S-2 completed same Run node and HEAD is skipped (5.54325ms)
✔ AAD-S-5 legacy human stop remains compatible without an autonomous decision descriptor (1.255667ms)
✔ SAO-S-3 action failure stops and records action_failed (1.516584ms)
✔ IRO-S-3 typed action stops persist the owner checkpoint for restart (2.312166ms)
✔ IRO-S-3 runner checkpoint hook awaits each durable journal snapshot (3.303208ms)
✔ SAO-S-4 forbidden action never invokes a runner (1.499417ms)
✔ SAO-S-4 GAH-S-4 unknown action cannot claim repo_local_safe classification (0.166958ms)
✔ SAO-S-4 canonical metadata spoofing is rejected before idempotency skip (3.15525ms)
✔ SAO-S-4 canonical action without a registered runner is rejected before idempotency skip (2.1925ms)
✔ SAO-S-2 forged execution identity cannot bypass a completed canonical checkpoint (0.635625ms)
✔ SAO-S-2 forged journal identity cannot silently skip a canonical action (0.771ms)
✔ SAO-S-1 injected plan cannot omit, reorder, or duplicate canonical dependencies (0.164708ms)
✔ SAO-S-5 typed verification and critical stops are preserved (1.352792ms)
✔ SAO-S-2 completed actions are checkpointed before the next action starts (0.838917ms)
✔ AAD-S-1 autonomous profile exposes the closed implementation DAG (0.420833ms)
✔ AAD-S-2 autonomous checkpoints are idempotent for the same Run and HEAD (2.564458ms)
✔ AAD-S-3 HEAD-changing implement rebinds the remaining autonomous suffix (2.113667ms)
✔ AAD-S-3 forged output HEAD cannot rebind a suffix or reach pr_ready (0.60725ms)
✔ AAD-S-3 autonomous profile rejects missing runners and forged plans (0.24625ms)
✔ AAD-S-4 autonomous runners must return a typed result (0.153834ms)
✔ AAD-S-5 unknown action profiles fail closed (1.758833ms)
✔ AAD-S-2 policy-denied autonomous actions fail closed before their runner executes (0.394042ms)
✔ AAD-S-4 only final_prepare may produce pr_ready (0.168ms)
✔ AAD-S-4 final_prepare cannot continue past the terminal DAG node (1.527958ms)
✔ AAD-S-6 diagnose waiting_for_human stops before dependent autonomous nodes (1.908ms)
✔ AAD-S-6 diagnose waiting_for_runtime stops before dependent autonomous nodes (0.38ms)
✔ AAD-S-6 diagnose blocked stops before dependent autonomous nodes (1.366375ms)
✔ AAD-S-6 diagnose failed stops before dependent autonomous nodes (1.32025ms)
✔ AAD-S-6 prepare_artifacts waiting_for_human stops before dependent autonomous nodes (1.544667ms)
✔ AAD-S-6 prepare_artifacts waiting_for_runtime stops before dependent autonomous nodes (0.900125ms)
✔ AAD-S-6 prepare_artifacts blocked stops before dependent autonomous nodes (1.442334ms)
✔ AAD-S-6 prepare_artifacts failed stops before dependent autonomous nodes (0.273792ms)
✔ AAD-S-6 implement waiting_for_human stops before dependent autonomous nodes (0.440375ms)
✔ AAD-S-6 implement waiting_for_runtime stops before dependent autonomous nodes (0.789167ms)
✔ AAD-S-6 implement blocked stops before dependent autonomous nodes (0.191ms)
✔ AAD-S-6 implement failed stops before dependent autonomous nodes (0.238541ms)
✔ AAD-S-6 verify waiting_for_human stops before dependent autonomous nodes (0.570292ms)
✔ AAD-S-6 verify waiting_for_runtime stops before dependent autonomous nodes (0.196166ms)
✔ AAD-S-6 verify blocked stops before dependent autonomous nodes (0.172334ms)
✔ AAD-S-6 verify failed stops before dependent autonomous nodes (1.010458ms)
✔ AAD-S-6 review waiting_for_human stops before dependent autonomous nodes (0.256583ms)
✔ AAD-S-6 review waiting_for_runtime stops before dependent autonomous nodes (0.186667ms)
✔ AAD-S-6 review blocked stops before dependent autonomous nodes (0.183584ms)
✔ AAD-S-6 review failed stops before dependent autonomous nodes (0.158209ms)
✔ AAD-S-6 repair waiting_for_human stops before dependent autonomous nodes (3.895292ms)
✔ AAD-S-6 repair waiting_for_runtime stops before dependent autonomous nodes (0.559459ms)
✔ AAD-S-6 repair blocked stops before dependent autonomous nodes (0.190333ms)
✔ AAD-S-6 repair failed stops before dependent autonomous nodes (0.158458ms)
✔ AAD-S-6 final_prepare waiting_for_human stops before dependent autonomous nodes (0.215791ms)
✔ AAD-S-6 final_prepare waiting_for_runtime stops before dependent autonomous nodes (2.58975ms)
✔ AAD-S-6 final_prepare blocked stops before dependent autonomous nodes (0.551ms)
✔ AAD-S-6 final_prepare failed stops before dependent autonomous nodes (0.180875ms)
✔ AAD-S-5 explicitly selecting legacy keeps the two-node rollback path (0.156833ms)
✔ AAD-S-5 disabling autonomous explicitly falls back to the legacy plan (0.059417ms)
✔ AAD-S-6 dependency-incomplete suffix cannot execute its runner (0.118875ms)
✔ SAO-S-5 safe autopilot classifies missing and failed current evidence without executing commands (0.611375ms)
✔ SAO-S-5 S-005 S-006 S-007 safe adapter resolves CLI, config, and pr_prepare verification inputs without execution (65.812125ms)
✔ SAO-S-8 external safe autopilot options stop before preparation (0.246583ms)
✔ SAO-S-5 production safe adapter maps critical and human Gate outcomes (3.491917ms)
ℹ tests 77
ℹ suites 0
ℹ pass 77
ℹ fail 0
ℹ cancelled 0
ℹ skipped 0
ℹ todo 0
ℹ duration_ms 59773.891875
