✔ ADJ-S-001 adjudicate prepare generates request with clause texts, evidence, verdict vocabulary, and independence instructions (777.740375ms)
✔ ADJ-S-002 adjudicate prepare fails explicitly when the story has no acceptance criteria (406.21675ms)
✔ ADJ-S-003 adjudicate record validates verdict, reason, and provenance, and binds the current HEAD commit (1218.411875ms)
✔ ADJ-S-004 gate is needs_evidence when clauses lack fresh verdicts and lists missing clause ids (2.894125ms)
✔ ADJ-S-005 gate fails when any clause is judged not_demonstrated and carries the adjudicator reason (0.426541ms)
✔ ADJ-S-005 gate fails closed when a current-head verdict uses an unknown vocabulary value (0.406667ms)
✔ ADJ-S-006 not_verifiable_by_automation demands human verification and is closed only by an accepted decision with reason and artifact (0.22375ms)
✔ ADJ-S-007 gate passes when every clause has a fresh demonstrated verdict, and is explicit not_applicable without clauses (1.197042ms)
✔ ADJ-S-011 task-scoped verdicts cannot be reused by a different task on the same HEAD (9.036333ms)
✔ ADJ-S-014 contradictory stored scope and fingerprint fail closed for the gate and PR summary (7.144084ms)
✔ ADJ-S-015 invalid acceptance scope sources fail closed instead of falling back to Story scope (401.899625ms)
✔ ADJ-S-016 present malformed acceptance scopes never use the legacy Story fallback (426.915041ms)
✔ ADJ-S-017 present partial acceptance scopes fail closed while an absent scope retains the legacy Story fallback (376.331334ms)
✔ ADJ-S-012 prepare and record bind verdicts to the active task scope from pr-prepare.json (699.934209ms)
✔ ADJ-S-013 real PR prepare keeps same-HEAD adjudication isolated between selected tasks (12043.563625ms)
✔ ADJ-S-010 verdicts without a head_commit are stale (fail closed), and record refuses to run outside a git repository (65.677625ms)
✔ ADJ-S-008 pr prepare emits a required critical evidence_adjudication gate that blocks readiness until adjudicated (3637.078375ms)
✔ ADJ-S-009 pr prepare omits the gate when evidence_adjudication.enabled is false and does not crash without artifacts (5571.194666ms)
✔ the adjudication request states how each record was produced, not only what it observed (351.87625ms)
✔ CSA-S-001 adjudicate provenance validates story id and agent system before any write, then binds HEAD (994.421834ms)
✔ CSA-S-002 evidence-path adjudicate record attaches a non-blocking same_system warning naming both systems (867.303667ms)
✔ CSA-S-003 evidence-path adjudicate record from a cross-system adjudicator carries no warning (933.360541ms)
✔ CSA-S-004 evidence-path adjudicate record fails closed on a corrupt implementation-provenance.json instead of falling back to no-provenance (586.765125ms)
✔ JADJ-S-001 collectJudgmentItems gathers spine, axis, and failure mode items only on judgment routes (9.102458ms)
✔ JADJ-S-002 prepare --judgment fails explicitly without a pr prepare artifact and generates a checklist with one (1867.034292ms)
✔ JADJ-S-003 prepare --judgment on a non-judgment route fails explicitly instead of producing a pass-like artifact (802.203333ms)
✔ JADJ-S-004 record --judgment validates verdict, reason, provenance, binds HEAD, and refuses outside git (808.668542ms)
✔ JADJ-S-005 gate lists missing items and treats stale or unbound verdicts as missing (5.8995ms)
✔ JADJ-S-006 judged_unsound fails the gate with the judge reason (2.564542ms)
✔ JADJ-S-007 needs_human_judgment resolves only via an accepted decision record with reason and artifact (5.62ms)
✔ JADJ-S-008 gate passes with all sound fresh verdicts and is explicit not_applicable without items (0.950042ms)
✔ JADJ-S-009 pr prepare emits a required critical judgment gate on judgment routes that blocks readiness (5698.299709ms)
✔ JADJ-S-010 pr prepare omits the gate when judgment_adjudication.enabled is false and does not crash without artifacts (5053.633166ms)
✔ JADJ-S-011 corrupt artifacts are reported as parse failures, not silently treated as missing (463.595292ms)
✔ CPR-S-001 new unsound verdicts require an explicit cause and records are append-only v2 events (678.093167ms)
✔ CPR-S-002 correction validates lineage and evidence, then only a different linked judge can resolve it (1012.662667ms)
✔ CPR-S-003 resolver is reference-driven, order-independent, and legacy migration round-trips safely (606.230042ms)
✔ CPR-S-004 summary counts resolved current item state, not append-only history rows (0.859209ms)
✔ CPR-S-005 implementation failures cannot be corrected and a linked unsound re-adjudication remains failed (910.243792ms)
✔ CPR-S-006 malformed correction lineage fails closed instead of selecting a convenient array entry (0.41875ms)
✔ CPR-S-007 v2 artifacts fail closed on traversal evidence and missing or unknown provenance (4.347875ms)
✔ CPR-S-008 correction-linked needs_human_judgment uses the existing accepted decision path (1.698958ms)
✔ CPR-S-009 recorders reject unknown provenance and replacement evidence symlink escapes before persistence (709.283375ms)
✔ CPR-S-010 legacy compatibility cannot discharge the Gate and invalid artifacts are never overwritten (842.890666ms)
✔ CSA-S-004 judgment-DAG record rejects a same-system adjudicator before persistence and leaves the artifact untouched (735.59475ms)
✔ CSA-S-005 --allow-same-system appends the append-only log and stores the override on the persisted event (689.613791ms)
✔ CSA-S-006 an accepted decision record with the environment source downgrades same-system rejection to a warning (1294.303708ms)
✔ CSA-S-007 missing implementation provenance emits a provenance_missing warning only and behaves as before (999.341958ms)
✔ CSA-S-008 a cross-system adjudicator with recorded provenance produces no warning and needs no override (1409.02875ms)
✔ CSA-S-009 adjudicate correct also enforces cross-system adjudication before persisting the premise correction (1245.154875ms)
✔ CSA-S-010 the gate surfaces a provenance_missing_count and mentions it in reason without changing pass/fail status (2.029834ms)
✔ CSA-S-011 --allow-same-system produces a same_system_override_count in both the gate node and the PR summary (1405.966541ms)
✔ CSA-S-012 judgment-DAG record fails closed on a corrupt implementation-provenance.json instead of falling through to provenance_missing (784.699834ms)
ℹ tests 53
ℹ suites 0
ℹ pass 53
ℹ fail 0
ℹ cancelled 0
ℹ skipped 0
ℹ todo 0
ℹ duration_ms 30166.156583
