TAP version 13
# Subtest: pr prepare preserves legacy surface-signal coverage for Stories without atomic metadata
ok 1 - pr prepare preserves legacy surface-signal coverage for Stories without atomic metadata
  ---
  duration_ms: 2977.815875
  type: 'test'
  ...
# Subtest: pr prepare keeps a reviewable small PR on the legacy single-PR readiness path
ok 2 - pr prepare keeps a reviewable small PR on the legacy single-PR readiness path
  ---
  duration_ms: 2164.480459
  type: 'test'
  ...
# Subtest: pr prepare rejects legacy keyword evidence for atomic changed-path coverage
ok 3 - pr prepare rejects legacy keyword evidence for atomic changed-path coverage
  ---
  duration_ms: 2801.502708
  type: 'test'
  ...
# Subtest: pr prepare keeps automatic split advice until a typed atomic scope has current-head reviewer ownership evidence
ok 4 - pr prepare keeps automatic split advice until a typed atomic scope has current-head reviewer ownership evidence
  ---
  duration_ms: 6608.549291
  type: 'test'
  ...
1..4
# tests 4
# suites 0
# pass 4
# fail 0
# cancelled 0
# skipped 0
# todo 0
# duration_ms 14687.84775
