✔ review record persists explicit reviewer identity declaration (3481.312625ms)
✔ review record derives reviewer identity from session ids and defaults to unknown (6075.148542ms)
✔ review record rejects an invalid reviewer identity value (1846.280042ms)
✔ pr prepare warns (without failing the gate) when a recorded review is same_session (6577.788833ms)
✔ pr prepare stays silent about independence for legacy reviews without reviewer_identity (5921.98825ms)
✔ GDL-S-6 review handoff renders bounded selectors and canonical lookup metadata (1.426583ms)
✔ story-vibepro-pr-human-summary-dead-chain-removal removes every dead-chain function and its exports from src/pr-manager.js (ac:1) (66.1265ms)
✔ story-vibepro-pr-human-summary-dead-chain-removal keeps every shared helper that has live callers outside the chain (ac:2) (8.16425ms)
✔ story-vibepro-pr-human-summary-dead-chain-removal keeps the concise pr-body contract intact when pr prepare renders a real repository (ac:3) (7097.214958ms)
✔ story-vibepro-pr-human-summary-dead-chain-removal leaves no module surface for the removed exports (ac:4) (0.16ms)
✔ text-only workflow language does not activate execution topology axis (6839.112375ms)
✔ docs-only security path wording is suppressed until stronger topology or risk evidence appears (5156.745792ms)
✔ non-text workflow corroboration activates execution topology axis (5077.371084ms)
✔ runtime route corroboration activates public contract axis (5071.551167ms)
✔ RML-CONTRACT-001 (integration): ledger promotion lands in the same commit as canonical audit persistence, not a follow-up commit (3626.566792ms)
✔ RML-CONTRACT-002 (integration): re-promoting an already-present entry_key against the real pushed ledger dedupes instead of growing it (4447.641042ms)
✔ managed command finitely settles, escalates SIGTERM to SIGKILL, and observes close (401.479375ms)
✔ managed command forces non-interactive env and preserves ordinary exit compatibility (239.909125ms)
✔ managed command bounds and redacts stdout stderr and command diagnostics (120.497792ms)
✔ managed operation enforces an outer deadline on a non-settling injected runner (52.417375ms)
✔ refreshManagedWorktree resyncs policy sections while non-policy sections stay frozen (3529.976709ms)
✔ read-only refresh preserves managed worktree policy control files (3258.996459ms)
✔ execute status preserves managed worktree controls when execution state is missing (3869.411834ms)
✔ refreshManagedWorktree mirrors policy section removal from the parent config (2029.51125ms)
✔ refreshManagedWorktree syncs from source_repo when called with the worktree as repoRoot (2046.179667ms)
✔ refreshManagedWorktree skips policy sync when the source resolves to the worktree itself (2045.655958ms)
✔ execution status surfaces the last policy sync without performing a new sync (5184.090333ms)
✔ refreshManagedWorktree attaches last_event to a failed policy sync when a stamp exists on disk (2178.982583ms)
✔ refreshManagedWorktree reports failed policy sync without throwing when the source config is corrupt (1221.001209ms)
✔ mutating CLI commands auto-snapshot durable records into the store (2297.169667ms)
✔ auto-snapshot is fail-soft: an unwritable store never fails the producing command (879.959125ms)
✔ durability.enabled=false disables the auto-snapshot hook (607.983458ms)
✔ resolver matches cleanup responsibility contract and blocks without current evidence (620.369375ms)
✔ resolver passes matched contract when current-head evidence is bound to required observations (546.806625ms)
✔ resolver accepts verify-record git context and observed values as current responsibility evidence (739.644417ms)
✔ resolver accepts evidence whose user scope is clean while generated artifacts leave the raw worktree dirty (824.13925ms)
✔ resolver still rejects current-head evidence when the user-dirty scope contains a manual edit (624.017042ms)
✔ resolver does not satisfy contract evidence with unrelated generic unit pass (477.924375ms)
✔ resolver accepts generic current unit evidence for read-only audit reporting responsibilities (593.78125ms)
✔ resolver emits no_registered_authority for unregistered high-risk state surfaces (518.860875ms)
✔ resolver uses the accepted Run-lineage Architecture registry contract (19.296375ms)
✔ resolver does not classify derive-only workspace status as an unregistered state responsibility (620.2905ms)
✔ resolver fails closed when workspace status contains a state mutation (659.94725ms)
✔ resolver applies workspace status exemption without hiding unregistered CLI wiring (754.930375ms)
✔ resolver retains a mixed worker candidate beside read-only workspace status (696.933833ms)
✔ resolver fails closed when reviewed workspace status gains an indirect git side effect (514.48575ms)
✔ resolver keeps no_registered_authority for mixed matched and unregistered high-risk paths (544.46275ms)
✔ resolver fails closed when matched registry entry is missing required fields (520.287208ms)
✔ resolver fails closed on malformed responsibility registry JSON (522.940208ms)
✔ root registry resolves VibePro core responsibility authorities with contract-bound evidence (78.985541ms)
✔ resolver prefers contract-bound evidence over an earlier unqualified scenario match (15.085958ms)
✔ resolver does not fan out a shared risk surface across path-anchored responsibilities (593.873209ms)
✔ resolver preserves standalone risk matching for an explicitly risk-only responsibility (351.491417ms)
✔ resolver lets a contract clause path supplement a non-matching registry path (455.947292ms)
✔ resolver matches symbols only in changed production lines (1076.237666ms)
✔ resolver matches a symbol added on a changed production line (816.545709ms)
✔ resolver fails closed for symbol matching when the production diff cannot be read (512.870083ms)
✔ resolver fails closed for symbol matching when no diff base is provided (594.408834ms)
✔ resolver compares an explicit head even when another branch is checked out (1437.785917ms)
✔ resolver matches a symbol in an untracked production file (971.581917ms)
✔ resolver ignores registered symbols that appear only in test files or story text (523.188167ms)
✔ resolver does not match a contract from responsibility reference alone (549.480042ms)
✔ pr prepare keeps shared-risk authority matching precise through Gate DAG and Requirement synthesis (4091.785333ms)
✔ autonomous implementation closure exposes completed status in the canonical catalog and roadmap (38.64475ms)
✔ inferSourceKind classifies docs/user_stories/* as story (6.458708ms)
✔ isStoryDocPath matches the supported story directories (2.708292ms)
✔ resolveStoryDirs returns defaults when no override in config (598.184417ms)
✔ resolveStoryDirs honors .vibepro/config.json doc_paths.stories override (608.256875ms)
✔ findStorySource picks the story by frontmatter story_id when path substring would collide (750.063042ms)
✔ findStorySource does not fall back to another story for an explicit story_id (817.180083ms)
✔ findStorySource prefers exact story_id over child vibepro_story_id bindings (586.091625ms)
✔ pr prepare does not attach a mismatched story source for an explicit story_id (6267.133875ms)
✔ pr prepare reads Story from docs/user_stories/active when PR diff does not include the story file (5207.256084ms)
✔ pr prepare prefers exact parent story_id over child vibepro_story_id bindings (5175.727791ms)
ℹ tests 74
ℹ suites 0
ℹ pass 74
ℹ fail 0
ℹ cancelled 0
ℹ skipped 0
ℹ todo 0
ℹ duration_ms 25965.632
